******************************************************************************
                  MSP430 Linker PC v4.2.1                      
******************************************************************************
>> Linked Mon Apr 07 22:36:29 2014

OUTPUT FILE NAME:   <Lab5.out>
ENTRY POINT SYMBOL: "_c_int00"  address: 0000ccf0


MEMORY CONFIGURATION

         name            origin    length      used     unused   attr    fill
----------------------  --------  ---------  --------  --------  ----  --------
  SFR                   00000000   00000010  00000000  00000010  RWIX
  PERIPHERALS_8BIT      00000010   000000f0  00000000  000000f0  RWIX
  PERIPHERALS_16BIT     00000100   00000100  00000000  00000100  RWIX
  RAM                   00000200   00000200  0000007c  00000184  RWIX
  INFOD                 00001000   00000040  00000000  00000040  RWIX
  INFOC                 00001040   00000040  00000000  00000040  RWIX
  INFOB                 00001080   00000040  00000000  00000040  RWIX
  INFOA                 000010c0   00000040  00000000  00000040  RWIX
  FLASH                 0000c000   00003fe0  00000f32  000030ae  RWIX
  INT00                 0000ffe0   00000002  00000000  00000002  RWIX
  INT01                 0000ffe2   00000002  00000000  00000002  RWIX
  INT02                 0000ffe4   00000002  00000002  00000000  RWIX
  INT03                 0000ffe6   00000002  00000002  00000000  RWIX
  INT04                 0000ffe8   00000002  00000000  00000002  RWIX
  INT05                 0000ffea   00000002  00000002  00000000  RWIX
  INT06                 0000ffec   00000002  00000002  00000000  RWIX
  INT07                 0000ffee   00000002  00000002  00000000  RWIX
  INT08                 0000fff0   00000002  00000002  00000000  RWIX
  INT09                 0000fff2   00000002  00000002  00000000  RWIX
  INT10                 0000fff4   00000002  00000002  00000000  RWIX
  INT11                 0000fff6   00000002  00000002  00000000  RWIX
  INT12                 0000fff8   00000002  00000002  00000000  RWIX
  INT13                 0000fffa   00000002  00000002  00000000  RWIX
  INT14                 0000fffc   00000002  00000002  00000000  RWIX
  RESET                 0000fffe   00000002  00000002  00000000  RWIX


SECTION ALLOCATION MAP

 output                                  attributes/
section   page    origin      length       input sections
--------  ----  ----------  ----------   ----------------
.init_array 
*          0    0000c000    00000000     UNINITIALIZED

.bss       0    00000200    00000028     UNINITIALIZED
                  00000200    00000028     (.common:buttonLengths)

.TI.noinit 
*          0    00000200    00000000     UNINITIALIZED

.data      0    00000228    00000004     UNINITIALIZED
                  00000228    00000004     main.obj (.data)

.TI.persistent 
*          0    00000228    00000000     UNINITIALIZED

.stack     0    000003b0    00000050     UNINITIALIZED
                  000003b0    00000002     rts430_eabi.lib : boot.obj (.stack)
                  000003b2    0000004e     --HOLE--

.text      0    0000c000    00000db0     
                  0000c000    000002f8     rts430_eabi.lib : frcmpyd.obj (.text:__TI_frcmpyd)
                  0000c2f8    00000256                     : mpyd.obj (.text:__mspabi_mpyd)
                  0000c54e    000001be     main.obj (.text:main)
                  0000c70c    00000138     rts430_eabi.lib : cmpd.obj (.text:__mspabi_cmpd)
                  0000c844    000000b0                     : fltlid.obj (.text:__mspabi_fltlid)
                  0000c8f4    00000090                     : fltuld.obj (.text:__mspabi_fltuld)
                  0000c984    00000088                     : fixdli.obj (.text:__mspabi_fixdli)
                  0000ca0c    00000086     main.obj (.text:Port_1)
                  0000ca92    0000005e     rts430_eabi.lib : copy_decompress_rle.obj (.text:__TI_decompress_rle_core)
                  0000caf0    0000005e                     : autoinit.obj (.text:_auto_init)
                  0000cb4e    0000005c                     : lsr32.obj (.text:l_lsr_const)
                  0000cbaa    0000004c                     : lsr16.obj (.text)
                  0000cbf6    0000003e                     : asr32.obj (.text:l_asr_const)
                  0000cc34    0000003e                     : lsl32.obj (.text:l_lsl_const)
                  0000cc72    0000002c                     : asr16.obj (.text)
                  0000cc9e    0000002c                     : lsl16.obj (.text)
                  0000ccca    00000026                     : mult32.obj (.text)
                  0000ccf0    0000001a                     : boot.obj (.text:_c_int00_noexit)
                  0000cd0a    00000014                     : copy_zero_init.obj (.text:decompress:ZI:__TI_zero_init)
                  0000cd1e    00000014                     : mult16.obj (.text)
                  0000cd32    00000012                     : copy_decompress_none.obj (.text:decompress:none:__TI_decompress_none)
                  0000cd44    00000012                     : lsr32.obj (.text:l_lsr)
                  0000cd56    00000012                     : memcpy.obj (.text:memcpy)
                  0000cd68    00000012     main.obj (.text:timerA)
                  0000cd7a    00000010     rts430_eabi.lib : epilog.obj (.text)
                  0000cd8a    0000000c                     : fltid.obj (.text:__mspabi_fltid)
                  0000cd96    00000006                     : isr_trap.obj (.text:__TI_ISR_TRAP)
                  0000cd9c    00000006                     : fltud.obj (.text:__mspabi_fltud)
                  0000cda2    00000006                     : copy_decompress_rle.obj (.text:decompress:rle24:__TI_decompress_rle24)
                  0000cda8    00000004                     : pre_init.obj (.text:_system_pre_init)
                  0000cdac    00000004                     : exit.obj (.text:abort)

.const     0    0000cdb0    00000168     
                  0000cdb0    00000168     main.obj (.const:$P$T0$1)

.cinit     0    0000cf18    0000001a     
                  0000cf18    00000008     (.cinit..data.load) [load image]
                  0000cf20    00000006     (__TI_handler_table)
                  0000cf26    00000004     (.cinit..bss.load) [load image, compression = zero_init]
                  0000cf2a    00000008     (__TI_cinit_table)

PORT1      0    0000ffe4    00000002     
                  0000ffe4    00000002     main.obj (.int02)

PORT2      0    0000ffe6    00000002     
                  0000ffe6    00000002     rts430_eabi.lib : int03.obj (.int03)

ADC10      0    0000ffea    00000002     
                  0000ffea    00000002     rts430_eabi.lib : int05.obj (.int05)

USCIAB0TX 
*          0    0000ffec    00000002     
                  0000ffec    00000002     rts430_eabi.lib : int06.obj (.int06)

USCIAB0RX 
*          0    0000ffee    00000002     
                  0000ffee    00000002     rts430_eabi.lib : int07.obj (.int07)

TIMER0_A1 
*          0    0000fff0    00000002     
                  0000fff0    00000002     rts430_eabi.lib : int08.obj (.int08)

TIMER0_A0 
*          0    0000fff2    00000002     
                  0000fff2    00000002     main.obj (.int09)

WDT        0    0000fff4    00000002     
                  0000fff4    00000002     rts430_eabi.lib : int10.obj (.int10)

COMPARATORA 
*          0    0000fff6    00000002     
                  0000fff6    00000002     rts430_eabi.lib : int11.obj (.int11)

TIMER1_A1 
*          0    0000fff8    00000002     
                  0000fff8    00000002     rts430_eabi.lib : int12.obj (.int12)

TIMER1_A0 
*          0    0000fffa    00000002     
                  0000fffa    00000002     rts430_eabi.lib : int13.obj (.int13)

NMI        0    0000fffc    00000002     
                  0000fffc    00000002     rts430_eabi.lib : int14.obj (.int14)

.reset     0    0000fffe    00000002     
                  0000fffe    00000002     rts430_eabi.lib : boot.obj (.reset)


LINKER GENERATED COPY TABLES

__TI_cinit_table @ 0000cf2a records: 2, size/record: 4, table size: 8
	.data: load addr=0000cf18, load size=00000008 bytes, run addr=00000228, run size=00000004 bytes, compression=copy
	.bss: load addr=0000cf26, load size=00000004 bytes, run addr=00000200, run size=00000028 bytes, compression=zero_init


LINKER GENERATED HANDLER TABLE

__TI_handler_table @ 0000cf20 records: 3, size/record: 2, table size: 6
	index: 0, handler: __TI_zero_init
	index: 1, handler: __TI_decompress_rle24
	index: 2, handler: __TI_decompress_none


GLOBAL SYMBOLS: SORTED ALPHABETICALLY BY Name 

address    name
--------   ----
0000004a   ADC10AE0
000001b0   ADC10CTL0
000001b2   ADC10CTL1
00000048   ADC10DTC0
00000049   ADC10DTC1
000001b4   ADC10MEM
000001bc   ADC10SA
00000057   BCSCTL1
00000058   BCSCTL2
00000053   BCSCTL3
0000cdac   C$$EXIT
00000059   CACTL1
0000005a   CACTL2
000010fb   CALBC1_12MHZ
000010f9   CALBC1_16MHZ
000010ff   CALBC1_1MHZ
000010fd   CALBC1_8MHZ
000010fa   CALDCO_12MHZ
000010f8   CALDCO_16MHZ
000010fe   CALDCO_1MHZ
000010fc   CALDCO_8MHZ
0000005b   CAPD
00000056   DCOCTL
00000128   FCTL1
0000012a   FCTL2
0000012c   FCTL3
00000000   IE1
00000001   IE2
00000002   IFG1
00000003   IFG2
00000022   P1DIR
00000025   P1IE
00000024   P1IES
00000023   P1IFG
00000020   P1IN
00000021   P1OUT
00000027   P1REN
00000026   P1SEL
00000041   P1SEL2
0000002a   P2DIR
0000002d   P2IE
0000002c   P2IES
0000002b   P2IFG
00000028   P2IN
00000029   P2OUT
0000002f   P2REN
0000002e   P2SEL
00000042   P2SEL2
0000001a   P3DIR
00000018   P3IN
00000019   P3OUT
00000010   P3REN
0000001b   P3SEL
00000043   P3SEL2
0000ca0c   Port_1
00000172   TA0CCR0
00000174   TA0CCR1
00000176   TA0CCR2
00000162   TA0CCTL0
00000164   TA0CCTL1
00000166   TA0CCTL2
00000160   TA0CTL
0000012e   TA0IV
00000170   TA0R
00000192   TA1CCR0
00000194   TA1CCR1
00000196   TA1CCR2
00000182   TA1CCTL0
00000184   TA1CCTL1
00000186   TA1CCTL2
00000180   TA1CTL
0000011e   TA1IV
00000190   TA1R
0000005d   UCA0ABCTL
00000062   UCA0BR0
00000063   UCA0BR1
00000060   UCA0CTL0
00000061   UCA0CTL1
0000005f   UCA0IRRCTL
0000005e   UCA0IRTCTL
00000064   UCA0MCTL
00000066   UCA0RXBUF
00000065   UCA0STAT
00000067   UCA0TXBUF
0000006a   UCB0BR0
0000006b   UCB0BR1
00000068   UCB0CTL0
00000069   UCB0CTL1
0000006c   UCB0I2CIE
00000118   UCB0I2COA
0000011a   UCB0I2CSA
0000006e   UCB0RXBUF
0000006d   UCB0STAT
0000006f   UCB0TXBUF
00000120   WDTCTL
00000400   __STACK_END
00000050   __STACK_SIZE
0000cf2a   __TI_CINIT_Base
0000cf32   __TI_CINIT_Limit
0000cf20   __TI_Handler_Table_Base
0000cf26   __TI_Handler_Table_Limit
UNDEFED    __TI_INITARRAY_Base
UNDEFED    __TI_INITARRAY_Limit
0000cd96   __TI_ISR_TRAP
00000001   __TI_args_main
0000cd32   __TI_decompress_none
0000cda2   __TI_decompress_rle24
00000001   __TI_exit
0000c000   __TI_frcmpyd
0000ffe4   __TI_int02
0000ffe6   __TI_int03
0000ffea   __TI_int05
0000ffec   __TI_int06
0000ffee   __TI_int07
0000fff0   __TI_int08
0000fff2   __TI_int09
0000fff4   __TI_int10
0000fff6   __TI_int11
0000fff8   __TI_int12
0000fffa   __TI_int13
0000fffc   __TI_int14
0000cd0a   __TI_zero_init
ffffffff   __binit__
ffffffff   __c_args__
0000c70c   __mspabi_cmpd
0000c984   __mspabi_fixdli
0000cd8a   __mspabi_fltid
0000c844   __mspabi_fltlid
0000cd9c   __mspabi_fltud
0000c8f4   __mspabi_fltuld
0000cd86   __mspabi_func_epilog_1
0000cd84   __mspabi_func_epilog_2
0000cd82   __mspabi_func_epilog_3
0000cd80   __mspabi_func_epilog_4
0000cd7e   __mspabi_func_epilog_5
0000cd7c   __mspabi_func_epilog_6
0000cd7a   __mspabi_func_epilog_7
0000c2f8   __mspabi_mpyd
0000cd1e   __mspabi_mpyi
0000ccca   __mspabi_mpyl
0000cc9e   __mspabi_slli
0000ccc6   __mspabi_slli_1
0000ccb4   __mspabi_slli_10
0000ccb2   __mspabi_slli_11
0000ccb0   __mspabi_slli_12
0000ccae   __mspabi_slli_13
0000ccac   __mspabi_slli_14
0000ccaa   __mspabi_slli_15
0000ccc4   __mspabi_slli_2
0000ccc2   __mspabi_slli_3
0000ccc0   __mspabi_slli_4
0000ccbe   __mspabi_slli_5
0000ccbc   __mspabi_slli_6
0000ccba   __mspabi_slli_7
0000ccb8   __mspabi_slli_8
0000ccb6   __mspabi_slli_9
0000cc6c   __mspabi_slll_1
0000cc48   __mspabi_slll_10
0000cc44   __mspabi_slll_11
0000cc40   __mspabi_slll_12
0000cc3c   __mspabi_slll_13
0000cc38   __mspabi_slll_14
0000cc34   __mspabi_slll_15
0000cc68   __mspabi_slll_2
0000cc64   __mspabi_slll_3
0000cc60   __mspabi_slll_4
0000cc5c   __mspabi_slll_5
0000cc58   __mspabi_slll_6
0000cc54   __mspabi_slll_7
0000cc50   __mspabi_slll_8
0000cc4c   __mspabi_slll_9
0000cc72   __mspabi_srai
0000cc9a   __mspabi_srai_1
0000cc88   __mspabi_srai_10
0000cc86   __mspabi_srai_11
0000cc84   __mspabi_srai_12
0000cc82   __mspabi_srai_13
0000cc80   __mspabi_srai_14
0000cc7e   __mspabi_srai_15
0000cc98   __mspabi_srai_2
0000cc96   __mspabi_srai_3
0000cc94   __mspabi_srai_4
0000cc92   __mspabi_srai_5
0000cc90   __mspabi_srai_6
0000cc8e   __mspabi_srai_7
0000cc8c   __mspabi_srai_8
0000cc8a   __mspabi_srai_9
0000cc2e   __mspabi_sral_1
0000cc0a   __mspabi_sral_10
0000cc06   __mspabi_sral_11
0000cc02   __mspabi_sral_12
0000cbfe   __mspabi_sral_13
0000cbfa   __mspabi_sral_14
0000cbf6   __mspabi_sral_15
0000cc2a   __mspabi_sral_2
0000cc26   __mspabi_sral_3
0000cc22   __mspabi_sral_4
0000cc1e   __mspabi_sral_5
0000cc1a   __mspabi_sral_6
0000cc16   __mspabi_sral_7
0000cc12   __mspabi_sral_8
0000cc0e   __mspabi_sral_9
0000cbaa   __mspabi_srli
0000cbf0   __mspabi_srli_1
0000cbcc   __mspabi_srli_10
0000cbc8   __mspabi_srli_11
0000cbc4   __mspabi_srli_12
0000cbc0   __mspabi_srli_13
0000cbbc   __mspabi_srli_14
0000cbb8   __mspabi_srli_15
0000cbec   __mspabi_srli_2
0000cbe8   __mspabi_srli_3
0000cbe4   __mspabi_srli_4
0000cbe0   __mspabi_srli_5
0000cbdc   __mspabi_srli_6
0000cbd8   __mspabi_srli_7
0000cbd4   __mspabi_srli_8
0000cbd0   __mspabi_srli_9
0000cd44   __mspabi_srll
0000cba2   __mspabi_srll_1
0000cb6c   __mspabi_srll_10
0000cb66   __mspabi_srll_11
0000cb60   __mspabi_srll_12
0000cb5a   __mspabi_srll_13
0000cb54   __mspabi_srll_14
0000cb4e   __mspabi_srll_15
0000cb9c   __mspabi_srll_2
0000cb96   __mspabi_srll_3
0000cb90   __mspabi_srll_4
0000cb8a   __mspabi_srll_5
0000cb84   __mspabi_srll_6
0000cb7e   __mspabi_srll_7
0000cb78   __mspabi_srll_8
0000cb72   __mspabi_srll_9
0000caf0   _auto_init
0000ccf0   _c_int00
0000ccf0   _c_int00_noexit
0000fffe   _reset_vector
000003b0   _stack
0000cda8   _system_pre_init
0000cdac   abort
ffffffff   binit
00000200   buttonLengths
00000229   led2_on
00000228   led_on
0000c54e   main
0000cd56   memcpy
0000022a   numberOfLengths
0000cd68   timerA


GLOBAL SYMBOLS: SORTED BY Symbol Address 

address    name
--------   ----
00000000   IE1
00000001   IE2
00000001   __TI_args_main
00000001   __TI_exit
00000002   IFG1
00000003   IFG2
00000010   P3REN
00000018   P3IN
00000019   P3OUT
0000001a   P3DIR
0000001b   P3SEL
00000020   P1IN
00000021   P1OUT
00000022   P1DIR
00000023   P1IFG
00000024   P1IES
00000025   P1IE
00000026   P1SEL
00000027   P1REN
00000028   P2IN
00000029   P2OUT
0000002a   P2DIR
0000002b   P2IFG
0000002c   P2IES
0000002d   P2IE
0000002e   P2SEL
0000002f   P2REN
00000041   P1SEL2
00000042   P2SEL2
00000043   P3SEL2
00000048   ADC10DTC0
00000049   ADC10DTC1
0000004a   ADC10AE0
00000050   __STACK_SIZE
00000053   BCSCTL3
00000056   DCOCTL
00000057   BCSCTL1
00000058   BCSCTL2
00000059   CACTL1
0000005a   CACTL2
0000005b   CAPD
0000005d   UCA0ABCTL
0000005e   UCA0IRTCTL
0000005f   UCA0IRRCTL
00000060   UCA0CTL0
00000061   UCA0CTL1
00000062   UCA0BR0
00000063   UCA0BR1
00000064   UCA0MCTL
00000065   UCA0STAT
00000066   UCA0RXBUF
00000067   UCA0TXBUF
00000068   UCB0CTL0
00000069   UCB0CTL1
0000006a   UCB0BR0
0000006b   UCB0BR1
0000006c   UCB0I2CIE
0000006d   UCB0STAT
0000006e   UCB0RXBUF
0000006f   UCB0TXBUF
00000118   UCB0I2COA
0000011a   UCB0I2CSA
0000011e   TA1IV
00000120   WDTCTL
00000128   FCTL1
0000012a   FCTL2
0000012c   FCTL3
0000012e   TA0IV
00000160   TA0CTL
00000162   TA0CCTL0
00000164   TA0CCTL1
00000166   TA0CCTL2
00000170   TA0R
00000172   TA0CCR0
00000174   TA0CCR1
00000176   TA0CCR2
00000180   TA1CTL
00000182   TA1CCTL0
00000184   TA1CCTL1
00000186   TA1CCTL2
00000190   TA1R
00000192   TA1CCR0
00000194   TA1CCR1
00000196   TA1CCR2
000001b0   ADC10CTL0
000001b2   ADC10CTL1
000001b4   ADC10MEM
000001bc   ADC10SA
00000200   buttonLengths
00000228   led_on
00000229   led2_on
0000022a   numberOfLengths
000003b0   _stack
00000400   __STACK_END
000010f8   CALDCO_16MHZ
000010f9   CALBC1_16MHZ
000010fa   CALDCO_12MHZ
000010fb   CALBC1_12MHZ
000010fc   CALDCO_8MHZ
000010fd   CALBC1_8MHZ
000010fe   CALDCO_1MHZ
000010ff   CALBC1_1MHZ
0000c000   __TI_frcmpyd
0000c2f8   __mspabi_mpyd
0000c54e   main
0000c70c   __mspabi_cmpd
0000c844   __mspabi_fltlid
0000c8f4   __mspabi_fltuld
0000c984   __mspabi_fixdli
0000ca0c   Port_1
0000caf0   _auto_init
0000cb4e   __mspabi_srll_15
0000cb54   __mspabi_srll_14
0000cb5a   __mspabi_srll_13
0000cb60   __mspabi_srll_12
0000cb66   __mspabi_srll_11
0000cb6c   __mspabi_srll_10
0000cb72   __mspabi_srll_9
0000cb78   __mspabi_srll_8
0000cb7e   __mspabi_srll_7
0000cb84   __mspabi_srll_6
0000cb8a   __mspabi_srll_5
0000cb90   __mspabi_srll_4
0000cb96   __mspabi_srll_3
0000cb9c   __mspabi_srll_2
0000cba2   __mspabi_srll_1
0000cbaa   __mspabi_srli
0000cbb8   __mspabi_srli_15
0000cbbc   __mspabi_srli_14
0000cbc0   __mspabi_srli_13
0000cbc4   __mspabi_srli_12
0000cbc8   __mspabi_srli_11
0000cbcc   __mspabi_srli_10
0000cbd0   __mspabi_srli_9
0000cbd4   __mspabi_srli_8
0000cbd8   __mspabi_srli_7
0000cbdc   __mspabi_srli_6
0000cbe0   __mspabi_srli_5
0000cbe4   __mspabi_srli_4
0000cbe8   __mspabi_srli_3
0000cbec   __mspabi_srli_2
0000cbf0   __mspabi_srli_1
0000cbf6   __mspabi_sral_15
0000cbfa   __mspabi_sral_14
0000cbfe   __mspabi_sral_13
0000cc02   __mspabi_sral_12
0000cc06   __mspabi_sral_11
0000cc0a   __mspabi_sral_10
0000cc0e   __mspabi_sral_9
0000cc12   __mspabi_sral_8
0000cc16   __mspabi_sral_7
0000cc1a   __mspabi_sral_6
0000cc1e   __mspabi_sral_5
0000cc22   __mspabi_sral_4
0000cc26   __mspabi_sral_3
0000cc2a   __mspabi_sral_2
0000cc2e   __mspabi_sral_1
0000cc34   __mspabi_slll_15
0000cc38   __mspabi_slll_14
0000cc3c   __mspabi_slll_13
0000cc40   __mspabi_slll_12
0000cc44   __mspabi_slll_11
0000cc48   __mspabi_slll_10
0000cc4c   __mspabi_slll_9
0000cc50   __mspabi_slll_8
0000cc54   __mspabi_slll_7
0000cc58   __mspabi_slll_6
0000cc5c   __mspabi_slll_5
0000cc60   __mspabi_slll_4
0000cc64   __mspabi_slll_3
0000cc68   __mspabi_slll_2
0000cc6c   __mspabi_slll_1
0000cc72   __mspabi_srai
0000cc7e   __mspabi_srai_15
0000cc80   __mspabi_srai_14
0000cc82   __mspabi_srai_13
0000cc84   __mspabi_srai_12
0000cc86   __mspabi_srai_11
0000cc88   __mspabi_srai_10
0000cc8a   __mspabi_srai_9
0000cc8c   __mspabi_srai_8
0000cc8e   __mspabi_srai_7
0000cc90   __mspabi_srai_6
0000cc92   __mspabi_srai_5
0000cc94   __mspabi_srai_4
0000cc96   __mspabi_srai_3
0000cc98   __mspabi_srai_2
0000cc9a   __mspabi_srai_1
0000cc9e   __mspabi_slli
0000ccaa   __mspabi_slli_15
0000ccac   __mspabi_slli_14
0000ccae   __mspabi_slli_13
0000ccb0   __mspabi_slli_12
0000ccb2   __mspabi_slli_11
0000ccb4   __mspabi_slli_10
0000ccb6   __mspabi_slli_9
0000ccb8   __mspabi_slli_8
0000ccba   __mspabi_slli_7
0000ccbc   __mspabi_slli_6
0000ccbe   __mspabi_slli_5
0000ccc0   __mspabi_slli_4
0000ccc2   __mspabi_slli_3
0000ccc4   __mspabi_slli_2
0000ccc6   __mspabi_slli_1
0000ccca   __mspabi_mpyl
0000ccf0   _c_int00
0000ccf0   _c_int00_noexit
0000cd0a   __TI_zero_init
0000cd1e   __mspabi_mpyi
0000cd32   __TI_decompress_none
0000cd44   __mspabi_srll
0000cd56   memcpy
0000cd68   timerA
0000cd7a   __mspabi_func_epilog_7
0000cd7c   __mspabi_func_epilog_6
0000cd7e   __mspabi_func_epilog_5
0000cd80   __mspabi_func_epilog_4
0000cd82   __mspabi_func_epilog_3
0000cd84   __mspabi_func_epilog_2
0000cd86   __mspabi_func_epilog_1
0000cd8a   __mspabi_fltid
0000cd96   __TI_ISR_TRAP
0000cd9c   __mspabi_fltud
0000cda2   __TI_decompress_rle24
0000cda8   _system_pre_init
0000cdac   C$$EXIT
0000cdac   abort
0000cf20   __TI_Handler_Table_Base
0000cf26   __TI_Handler_Table_Limit
0000cf2a   __TI_CINIT_Base
0000cf32   __TI_CINIT_Limit
0000ffe4   __TI_int02
0000ffe6   __TI_int03
0000ffea   __TI_int05
0000ffec   __TI_int06
0000ffee   __TI_int07
0000fff0   __TI_int08
0000fff2   __TI_int09
0000fff4   __TI_int10
0000fff6   __TI_int11
0000fff8   __TI_int12
0000fffa   __TI_int13
0000fffc   __TI_int14
0000fffe   _reset_vector
ffffffff   __binit__
ffffffff   __c_args__
ffffffff   binit
UNDEFED    __TI_INITARRAY_Base
UNDEFED    __TI_INITARRAY_Limit

[249 symbols]
